// Jest Snapshot v1, https://goo.gl/fbAQLP

exports[`renders ListEmpty correctly 1`] = `
<View
  style={
    {
      "marginVertical": 100,
    }
  }
>
  <Text
    style={
      {
        "color": "#999",
        "fontSize": 18,
        "textAlign": "center",
      }
    }
  >
    No todo items yet.
  </Text>
</View>
`;
